
---------------------- Wednesday, Aug 08, 2018 (week 32) -----------------------

Working Time: 10h02 [11h12]
Break   Time: 0h00 [0h00]

----------------------------------- Projects -----------------------------------

(10h02) : traveling, work

---------------------------------- Activities ----------------------------------

(7h42) : traveling
(2h20) : work


----------------------------------- Details ------------------------------------

(2h20) 00:00-11:20 work
(7h42) 11:20-11:02 traveling

